// Jest Snapshot v1, https://goo.gl/fbAQLP

exports[`Pruebas en <GifGridItem/>  debe de hacer match con el Snapshot 1`] = `
<div>
  <div
    class="card"
  >
    <img
      alt="ReactTest"
      src="https://react.com/"
    />
    <p>
      ReactTest
    </p>
  </div>
</div>
`;
